// Jest Snapshot v1, https://goo.gl/fbAQLP

exports[`<Form /> renders the <Form /> with an error 1`] = `
<div
  class="form__Container-sc-1yxr1z3-1 kAqNwv"
>
  <div
    class="form__Error-sc-1yxr1z3-8 chvivB"
  >
    Your email address is already being used
  </div>
  <button
    class="form__Submit-sc-1yxr1z3-5 cEuUzd"
    type="submit"
  >
    Sign In
  </button>
</div>
`;

exports[`<Form /> renders the <Form /> with populated data 1`] = `
<div
  class="form__Container-sc-1yxr1z3-1 kAqNwv"
>
  <h1
    class="form__Title-sc-1yxr1z3-6 jzJZMg"
  >
    Sign In Now
  </h1>
  <form
    class="form__Base-sc-1yxr1z3-7 hVQPFj"
  >
    <input
      class="form__Input-sc-1yxr1z3-4 bgnGJY"
      placeholder="Email address"
    />
    <input
      class="form__Input-sc-1yxr1z3-4 bgnGJY"
      placeholder="Password"
      type="password"
    />
    <button
      class="form__Submit-sc-1yxr1z3-5 cEuUzd"
      disabled=""
      type="submit"
    >
      Sign In
    </button>
  </form>
  <p
    class="form__Text-sc-1yxr1z3-2 bJpKPi"
  >
    New to Netflix? 
  </p>
  <p
    class="form__SmallText-sc-1yxr1z3-3 fnxPBa"
  >
    This page is protected by Google reCAPTCHA to ensure you're not a bot. Learn more.
  </p>
</div>
`;
